SCRIPT OUTPUT good a0d791e90486ab349661235cd0913d11649f6659c848ef4fb8639d04267ecfa03d1c922c455f53727e01fd42749a37b816334d75588127384b9772a61840a25b true 9f94b1c83ef72dc398aadf0931f9e723303d34781d433efb685ca793d054c810c6a752c94c0a4944ab43658cede7f1059616659110d3944e8645f5c79aeff59e
